# map

Опис карти одразу під заголовком.

- domain
  - module [orderAggregate](src/domain/order.ts#L1)
    Агрегат замовлення.
    - fn [create](src/domain/order.ts#L8) (items: Item[]) → Order
- application
  - purchase
    - order domain.orderAggregate
    - fn buy <!-- позначка -->
      - calls domain.orderAggregate.create, infrastructure.orderStore.save

# rules

- allow application domain
